###############################################################################
#
# IAR ELF Linker V9.10.1.308/W64 for ARM                  13/Apr/2021  19:43:53
# Copyright 2007-2021 IAR Systems AB.
#
#    Output file  =
#        C:\Users\Mateus\Documents\UTFPR\Embarcados\EK-TM4C1294_RTOS_IAR8\Projects\desafio\Debug\Exe\desafio.out
#    Map file     =
#        C:\Users\Mateus\Documents\UTFPR\Embarcados\EK-TM4C1294_RTOS_IAR8\Projects\desafio\Debug\List\desafio.map
#    Command line =
#        -f
#        C:\Users\Mateus\Documents\UTFPR\Embarcados\EK-TM4C1294_RTOS_IAR8\Projects\desafio\Debug\Exe\desafio.out.rsp
#        (C:\Users\Mateus\Documents\UTFPR\Embarcados\EK-TM4C1294_RTOS_IAR8\Projects\desafio\Debug\Obj\driverbuttons.o
#        C:\Users\Mateus\Documents\UTFPR\Embarcados\EK-TM4C1294_RTOS_IAR8\Projects\desafio\Debug\Obj\driverleds.o
#        C:\Users\Mateus\Documents\UTFPR\Embarcados\EK-TM4C1294_RTOS_IAR8\TivaWare_C_Series-2.1.4.178\driverlib\ewarm\Exe\driverlib.a
#        C:\Users\Mateus\Documents\UTFPR\Embarcados\EK-TM4C1294_RTOS_IAR8\Projects\desafio\Debug\Obj\main.o
#        C:\Users\Mateus\Documents\UTFPR\Embarcados\EK-TM4C1294_RTOS_IAR8\CMSIS-5.6.0\CMSIS\RTOS2\RTX\Library\IAR\IDE\CM4F\Exe\RTX_CM.a
#        C:\Users\Mateus\Documents\UTFPR\Embarcados\EK-TM4C1294_RTOS_IAR8\Projects\desafio\Debug\Obj\RTX_Config.o
#        C:\Users\Mateus\Documents\UTFPR\Embarcados\EK-TM4C1294_RTOS_IAR8\Projects\desafio\Debug\Obj\rtx_lib.o
#        C:\Users\Mateus\Documents\UTFPR\Embarcados\EK-TM4C1294_RTOS_IAR8\Projects\desafio\Debug\Obj\startup_TM4C1294.o
#        C:\Users\Mateus\Documents\UTFPR\Embarcados\EK-TM4C1294_RTOS_IAR8\Projects\desafio\Debug\Obj\system_TM4C1294_TW.o
#        --no_out_extension -o
#        C:\Users\Mateus\Documents\UTFPR\Embarcados\EK-TM4C1294_RTOS_IAR8\Projects\desafio\Debug\Exe\desafio.out
#        --redirect _Printf=_PrintfFullNoMb --redirect _Scanf=_ScanfFullNoMb
#        --map
#        C:\Users\Mateus\Documents\UTFPR\Embarcados\EK-TM4C1294_RTOS_IAR8\Projects\desafio\Debug\List\desafio.map
#        --config "C:\Program Files\IAR Systems\Embedded Workbench
#        9.0\arm\config\linker\TexasInstruments\TM4C1294NC.icf" --semihosting
#        --entry __iar_program_start --vfe --text_out locale)
#
###############################################################################

*******************************************************************************
*** RUNTIME MODEL ATTRIBUTES
***

CppFlavor       = *
__SystemLibrary = DLib
__dlib_version  = 6


*******************************************************************************
*** HEAP SELECTION
***

The basic heap was selected because some modules are built with
size limitations (and not runtime checking), and --advanced_heap
was not specified.


*******************************************************************************
*** PLACEMENT SUMMARY
***

"A0":  place at address 0x0 { ro section .intvec };
"P1":  place in [from 0x0 to 0xf'ffff] { ro };
define block CSTACK with size = 32K, alignment = 8 { };
define block HEAP with size = 64K, alignment = 8 { };
"P2":  place in [from 0x2000'0000 to 0x2003'ffff] {
          rw, block CSTACK, block HEAP };
initialize by copy { rw };

  Section               Kind         Address    Size  Object
  -------               ----         -------    ----  ------
"A0":                                          0x3c0
  .intvec               ro code          0x0   0x3c0  startup_TM4C1294.o [1]
                                     - 0x3c0   0x3c0

"P1":                                         0x3039
  .text                 ro code        0x3c0   0xa34  rtx_thread.o [2]
  .text                 ro code        0xdf4     0x2  rtx_evr.o [2]
  .text                 ro code        0xdf6     0x2  rtx_evr.o [2]
  .text                 ro code        0xdf8     0x2  rtx_evr.o [2]
  .text                 ro code        0xdfa     0x2  rtx_evr.o [2]
  .text                 ro code        0xdfc     0x2  rtx_evr.o [2]
  .text                 ro code        0xdfe     0x2  rtx_evr.o [2]
  .text                 ro code        0xe00     0x2  rtx_evr.o [2]
  .text                 ro code        0xe02     0x2  rtx_evr.o [2]
  .text                 ro code        0xe04     0x2  rtx_evr.o [2]
  .text                 ro code        0xe06     0x2  rtx_evr.o [2]
  .text                 ro code        0xe08    0x28  rtx_thread.o [2]
  .text                 ro code        0xe30     0x2  rtx_evr.o [2]
  .text                 ro code        0xe32     0x2  rtx_evr.o [2]
  .text                 ro code        0xe34     0x2  rtx_evr.o [2]
  .text                 ro code        0xe36    0x3a  packbits_init_single.o [5]
  .text                 ro code        0xe70    0xe6  rtx_mempool.o [2]
  .text                 ro code        0xf56     0x2  rtx_evr.o [2]
  .text                 ro code        0xf58    0x84  rtx_memory.o [2]
  .text                 ro code        0xfdc     0x6  ABImemclr4.o [5]
  .text                 ro code        0xfe2     0x2  rtx_evr.o [2]
  .text                 ro code        0xfe4    0x4a  rtx_memory.o [2]
  .rodata               const         0x102e     0x2  main.o [1]
  .text                 ro code       0x1030   0x34c  rtx_mutex.o [2]
  .text                 ro code       0x137c     0x2  rtx_evr.o [2]
  .text                 ro code       0x137e     0x2  rtx_evr.o [2]
  .text                 ro code       0x1380     0x2  rtx_evr.o [2]
  .text                 ro code       0x1382     0x2  rtx_evr.o [2]
  .text                 ro code       0x1384     0x2  rtx_evr.o [2]
  .text                 ro code       0x1386     0x2  rtx_evr.o [2]
  .text                 ro code       0x1388     0x2  rtx_evr.o [2]
  .text                 ro code       0x138a     0x2  rtx_evr.o [2]
  .text                 ro code       0x138c     0x2  rtx_evr.o [2]
  .text                 ro code       0x138e     0x2  rtx_evr.o [2]
  .text                 ro code       0x1390   0x16c  rtx_system.o [2]
  .text                 ro code       0x14fc     0x2  rtx_evr.o [2]
  .text                 ro code       0x14fe    0x20  RTX_Config.o [1]
  .text                 ro code       0x151e     0x2  rtx_evr.o [2]
  .text                 ro code       0x1520     0x2  rtx_evr.o [2]
  .text                 ro code       0x1522     0x2  rtx_evr.o [2]
  .text                 ro code       0x1524     0x2  rtx_evr.o [2]
  .rodata               const         0x1526     0x2  main.o [1]
  .text                 ro code       0x1528    0x32  ABImemset48.o [5]
  .text                 ro code       0x155a     0x2  rtx_evr.o [2]
  .text                 ro code       0x155c     0x2  rtx_evr.o [2]
  .text                 ro code       0x155e     0x2  rtx_evr.o [2]
  .text                 ro code       0x1560     0x2  rtx_evr.o [2]
  .text                 ro code       0x1562     0x2  rtx_evr.o [2]
  .text                 ro code       0x1564     0x2  rtx_evr.o [2]
  .text                 ro code       0x1566     0x2  rtx_evr.o [2]
  .text                 ro code       0x1568     0x2  rtx_evr.o [2]
  .text                 ro code       0x156a     0x2  rtx_evr.o [2]
  .text                 ro code       0x156c     0x2  rtx_evr.o [2]
  .text                 ro code       0x156e     0x2  RTX_Config.o [1]
  .text                 ro code       0x1570     0xc  os_systick.o [2]
  .text                 ro code       0x157c   0x61c  rtx_msgqueue.o [2]
  .text                 ro code       0x1b98    0xa6  ABImemcpy.o [5]
  .text                 ro code       0x1c3e     0x2  rtx_evr.o [2]
  .text                 ro code       0x1c40     0x2  rtx_evr.o [2]
  .text                 ro code       0x1c42     0x2  rtx_evr.o [2]
  .text                 ro code       0x1c44     0x6  ABImemclr.o [5]
  .text                 ro code       0x1c4a     0x2  rtx_evr.o [2]
  .text                 ro code       0x1c4c     0x2  rtx_evr.o [2]
  .text                 ro code       0x1c4e     0x2  rtx_evr.o [2]
  .text                 ro code       0x1c50     0x2  rtx_evr.o [2]
  .text                 ro code       0x1c52     0x2  rtx_evr.o [2]
  .text                 ro code       0x1c54     0x2  rtx_evr.o [2]
  .text                 ro code       0x1c56     0x2  rtx_evr.o [2]
  .text                 ro code       0x1c58     0x2  rtx_evr.o [2]
  .text                 ro code       0x1c5a     0x2  rtx_evr.o [2]
  .text                 ro code       0x1c5c    0x5e  ABImemset.o [5]
  .text                 ro code       0x1cba     0x2  startup_TM4C1294.o [1]
  .text                 ro code       0x1cbc   0x398  main.o [1]
  .text                 ro code       0x2054   0x25e  gpio.o [4]
  .text                 ro code       0x22b4    0xfc  driverbuttons.o [1]
  .text                 ro code       0x23b0   0x2dc  rtx_kernel.o [2]
  .text                 ro code       0x268c   0x148  driverleds.o [1]
  .text                 ro code       0x27d4    0x64  rtx_delay.o [2]
  .text                 ro code       0x2838    0x30  system_TM4C1294_TW.o [1]
  .text                 ro code       0x2868    0xa8  interrupt.o [4]
  .text                 ro code       0x2910   0x2bc  sysctl.o [4]
  .text                 ro code       0x2bcc     0x2  rtx_evr.o [2]
  .text                 ro code       0x2bce    0x44  rtx_memory.o [2]
  .text                 ro code       0x2c12     0x2  rtx_evr.o [2]
  .text                 ro code       0x2c14     0x2  rtx_evr.o [2]
  .text                 ro code       0x2c18    0x3c  os_systick.o [2]
  .text                 ro code       0x2c54     0x6  os_systick.o [2]
  .text                 ro code       0x2c5c    0x28  os_systick.o [2]
  .text                 ro code       0x2c84     0x2  rtx_evr.o [2]
  .text                 ro code       0x2c86     0x2  rtx_lib.o [1]
  .text                 ro code       0x2c88     0x2  rtx_evr.o [2]
  .text                 ro code       0x2c8a     0x2  rtx_evr.o [2]
  .text                 ro code       0x2c8c     0x2  rtx_evr.o [2]
  .text                 ro code       0x2c8e     0x2  rtx_evr.o [2]
  .text                 ro code       0x2c90     0x2  rtx_evr.o [2]
  .text                 ro code       0x2c92     0x2  rtx_evr.o [2]
  .text                 ro code       0x2c94     0x2  rtx_evr.o [2]
  .rodata               const         0x2c98   0x21c  sysctl.o [4]
  .rodata               const         0x2eb4   0x198  gpio.o [4]
  .text                 ro code       0x304c    0xc4  irq_cm4f.o [2]
  .text                 ro code       0x3110    0x90  rtx_timer.o [2]
  .rodata               const         0x31a0    0x68  rtx_lib.o [1]
  .text                 ro code       0x3208    0x44  rtx_timer.o [2]
  .text                 ro code       0x324c     0x2  rtx_evr.o [2]
  .text                 ro code       0x324e    0x38  zero_init3.o [5]
  .rodata               const         0x3288    0x30  sysctl.o [4]
  .text                 ro code       0x32b8    0x28  data_init.o [5]
  .rodata               const         0x32e0    0x24  rtx_lib.o [1]
  .rodata               const         0x3304    0x24  rtx_lib.o [1]
  .iar.init_table       const         0x3328    0x20  - Linker created -
  .text                 ro code       0x3348    0x1e  cmain.o [5]
  .text                 ro code       0x3366     0x4  low_level_init.o [3]
  .text                 ro code       0x336a     0x4  exit.o [3]
  .text                 ro code       0x3370     0xa  cexit.o [5]
  .text                 ro code       0x337c    0x14  exit.o [6]
  .text                 ro code       0x3390    0x1c  cstartup_M.o [5]
  .text                 ro code       0x33ac    0x14  startup_TM4C1294.o [1]
  .rodata               const         0x33c0    0x18  rtx_lib.o [1]
  .rodata               const         0x33d8     0x4  main.o [1]
  .rodata               const         0x33dc     0x4  main.o [1]
  .rodata               const         0x33e0     0x4  main.o [1]
  .rodata               const         0x33e4     0x4  main.o [1]
  .rodata               const         0x33e8     0x4  rtx_lib.o [1]
  .rodata               const         0x33ec     0x0  zero_init3.o [5]
  .rodata               const         0x33ec     0x0  packbits_init_single.o [5]
  Initializer bytes     const         0x33ec     0xd  <for P2-1>
                                    - 0x33f9  0x3039

"P2", part 1 of 3:                              0xa4
  P2-1                           0x2000'0000    0xa4  <Init block>
    .data.os            inited   0x2000'0000    0xa4  rtx_kernel.o [2]
                               - 0x2000'00a4    0xa4

"P2", part 2 of 3:                            0x1370
  .bss.os               zero     0x2000'00a8  0x1000  rtx_lib.o [1]
  .bss.os.thread.stack  zero     0x2000'10a8   0x100  rtx_lib.o [1]
  .bss.os.thread.stack  zero     0x2000'11a8   0x100  rtx_lib.o [1]
  .bss.os.msgqueue.mem  zero     0x2000'12a8    0x50  rtx_lib.o [1]
  .bss.os.thread.cb     zero     0x2000'12f8    0x44  rtx_lib.o [1]
  .bss.os.thread.cb     zero     0x2000'133c    0x44  rtx_lib.o [1]
  .bss.os               zero     0x2000'1380    0x40  rtx_lib.o [1]
  .bss.os.msgqueue.cb   zero     0x2000'13c0    0x34  rtx_lib.o [1]
  .bss                  zero     0x2000'13f4     0x4  main.o [1]
  .bss                  zero     0x2000'13f8     0x4  main.o [1]
  .bss                  zero     0x2000'13fc     0x4  main.o [1]
  .bss                  zero     0x2000'1400     0x4  main.o [1]
  .bss                  zero     0x2000'1404     0x4  main.o [1]
  .bss                  zero     0x2000'1408     0x4  main.o [1]
  .bss                  zero     0x2000'140c     0x4  main.o [1]
  .bss                  zero     0x2000'1410     0x1  os_systick.o [2]
                               - 0x2000'1411  0x136d

"P2", part 3 of 3:                            0x8270
  VTABLE                uninit   0x2000'1800   0x26c  interrupt.o [4]
  .noinit               uninit   0x2000'1a6c     0x4  system_TM4C1294_TW.o [1]
  CSTACK                         0x2000'1a70  0x8000  <Block>
    CSTACK              uninit   0x2000'1a70  0x8000  <Block tail>
                               - 0x2000'9a70  0x8270

Unused ranges:

         From           To      Size
         ----           --      ----
       0x33f9     0xf'ffff  0xf'cc07
  0x2000'1414  0x2000'17ff     0x3ec
  0x2000'9a70  0x2003'ffff  0x3'6590


*******************************************************************************
*** INIT TABLE
***

          Address      Size
          -------      ----
Zero (__iar_zero_init3)
    1 destination range, total size 0x1369:
          0x2000'00a8  0x1369

Copy/packbits (__iar_packbits_init_single3)
    1 source range, total size 0xd (7% of destination):
               0x33ec     0xd
    1 destination range, total size 0xa4:
          0x2000'0000    0xa4



*******************************************************************************
*** MODULE SUMMARY
***

    Module                  ro code  ro data  rw data
    ------                  -------  -------  -------
command line/config:
    -------------------------------------------------
    Total:

C:\Users\Mateus\Documents\UTFPR\Embarcados\EK-TM4C1294_RTOS_IAR8\Projects\desafio\Debug\Obj: [1]
    RTX_Config.o                 34
    driverbuttons.o             252
    driverleds.o                328
    main.o                      920       20       28
    rtx_lib.o                     2      204    4'940
    startup_TM4C1294.o          982
    system_TM4C1294_TW.o         48                 4
    -------------------------------------------------
    Total:                    2'566      224    4'972

RTX_CM.a: [2]
    irq_cm4f.o                  196
    os_systick.o                118                 1
    rtx_delay.o                 100
    rtx_evr.o                   128
    rtx_kernel.o                732       13      164
    rtx_memory.o                274
    rtx_mempool.o               230
    rtx_msgqueue.o            1'564
    rtx_mutex.o                 844
    rtx_system.o                364
    rtx_thread.o              2'652
    rtx_timer.o                 212
    -------------------------------------------------
    Total:                    7'414       13      165

dl7M_tln.a: [3]
    exit.o                        4
    low_level_init.o              4
    -------------------------------------------------
    Total:                        8

driverlib.a: [4]
    gpio.o                      606      408
    interrupt.o                 168               620
    sysctl.o                    700      588
    -------------------------------------------------
    Total:                    1'474      996      620

rt7M_tl.a: [5]
    ABImemclr.o                   6
    ABImemclr4.o                  6
    ABImemcpy.o                 166
    ABImemset.o                  94
    ABImemset48.o                50
    cexit.o                      10
    cmain.o                      30
    cstartup_M.o                 28
    data_init.o                  40
    packbits_init_single.o       58
    zero_init3.o                 56
    -------------------------------------------------
    Total:                      544

shb_l.a: [6]
    exit.o                       20
    -------------------------------------------------
    Total:                       20

    Gaps                         10        4        4
    Linker created                        32   32'768
-----------------------------------------------------
    Grand Total:             12'036    1'269   38'529


*******************************************************************************
*** ENTRY LIST
***

Entry                       Address    Size  Type      Object
-----                       -------    ----  ----      ------
.iar.init_table$$Base        0x3328           --   Gb  - Linker created -
.iar.init_table$$Limit       0x3348           --   Gb  - Linker created -
?main                        0x3349          Code  Gb  cmain.o [5]
ButtonInit                   0x22b5    0x46  Code  Gb  driverbuttons.o [1]
ButtonIntClear               0x238b    0x1e  Code  Gb  driverbuttons.o [1]
ButtonIntDisable             0x2357    0x34  Code  Gb  driverbuttons.o [1]
ButtonIntEnable              0x22fb    0x5c  Code  Gb  driverbuttons.o [1]
CSTACK$$Base            0x2000'1a70           --   Gb  - Linker created -
CSTACK$$Limit           0x2000'9a70           --   Gb  - Linker created -
EvrRtxDelay                  0x2c91     0x2  Code  Gb  rtx_evr.o [2]
EvrRtxDelayCompleted          0xdf5     0x2  Code  Gb  rtx_evr.o [2]
EvrRtxDelayError             0x2c93     0x2  Code  Gb  rtx_evr.o [2]
EvrRtxDelayStarted           0x2c8f     0x2  Code  Gb  rtx_evr.o [2]
EvrRtxEventFlagsWaitTimeout
                              0xdf9     0x2  Code  Gb  rtx_evr.o [2]
EvrRtxKernelError            0x2bcd     0x2  Code  Gb  rtx_evr.o [2]
EvrRtxKernelGetState         0x2c15     0x2  Code  Gb  rtx_evr.o [2]
EvrRtxKernelGetTickCount
                             0x2c8d     0x2  Code  Gb  rtx_evr.o [2]
EvrRtxKernelInitialize       0x2c89     0x2  Code  Gb  rtx_evr.o [2]
EvrRtxKernelInitialized
                             0x2c13     0x2  Code  Gb  rtx_evr.o [2]
EvrRtxKernelStart            0x2c8b     0x2  Code  Gb  rtx_evr.o [2]
EvrRtxKernelStarted          0x2c85     0x2  Code  Gb  rtx_evr.o [2]
EvrRtxMemoryAlloc            0x1525     0x2  Code  Gb  rtx_evr.o [2]
EvrRtxMemoryBlockAlloc       0x1521     0x2  Code  Gb  rtx_evr.o [2]
EvrRtxMemoryBlockFree        0x1523     0x2  Code  Gb  rtx_evr.o [2]
EvrRtxMemoryBlockInit        0x151f     0x2  Code  Gb  rtx_evr.o [2]
EvrRtxMemoryFree             0x155b     0x2  Code  Gb  rtx_evr.o [2]
EvrRtxMemoryInit             0x2c95     0x2  Code  Gb  rtx_evr.o [2]
EvrRtxMemoryPoolAllocTimeout
                              0xdff     0x2  Code  Gb  rtx_evr.o [2]
EvrRtxMessageQueueCreated
                             0x1c4b     0x2  Code  Gb  rtx_evr.o [2]
EvrRtxMessageQueueError
                             0x1c43     0x2  Code  Gb  rtx_evr.o [2]
EvrRtxMessageQueueGet        0x1c5b     0x2  Code  Gb  rtx_evr.o [2]
EvrRtxMessageQueueGetPending
                             0x1c51     0x2  Code  Gb  rtx_evr.o [2]
EvrRtxMessageQueueGetTimeout
                              0xe01     0x2  Code  Gb  rtx_evr.o [2]
EvrRtxMessageQueueInsertPending
                             0x1c59     0x2  Code  Gb  rtx_evr.o [2]
EvrRtxMessageQueueInserted
                             0x1c3f     0x2  Code  Gb  rtx_evr.o [2]
EvrRtxMessageQueueNew        0x1c55     0x2  Code  Gb  rtx_evr.o [2]
EvrRtxMessageQueueNotInserted
                             0x1c4f     0x2  Code  Gb  rtx_evr.o [2]
EvrRtxMessageQueueNotRetrieved
                             0x1c53     0x2  Code  Gb  rtx_evr.o [2]
EvrRtxMessageQueuePut        0x1c57     0x2  Code  Gb  rtx_evr.o [2]
EvrRtxMessageQueuePutPending
                             0x1c4d     0x2  Code  Gb  rtx_evr.o [2]
EvrRtxMessageQueuePutTimeout
                              0xe03     0x2  Code  Gb  rtx_evr.o [2]
EvrRtxMessageQueueRetrieved
                             0x1c41     0x2  Code  Gb  rtx_evr.o [2]
EvrRtxMutexAcquire           0x156b     0x2  Code  Gb  rtx_evr.o [2]
EvrRtxMutexAcquirePending
                             0x1565     0x2  Code  Gb  rtx_evr.o [2]
EvrRtxMutexAcquireTimeout
                              0xdfb     0x2  Code  Gb  rtx_evr.o [2]
EvrRtxMutexAcquired          0x155f     0x2  Code  Gb  rtx_evr.o [2]
EvrRtxMutexCreated           0x1563     0x2  Code  Gb  rtx_evr.o [2]
EvrRtxMutexError             0x1561     0x2  Code  Gb  rtx_evr.o [2]
EvrRtxMutexNew               0x1569     0x2  Code  Gb  rtx_evr.o [2]
EvrRtxMutexNotAcquired       0x1567     0x2  Code  Gb  rtx_evr.o [2]
EvrRtxMutexRelease           0x156d     0x2  Code  Gb  rtx_evr.o [2]
EvrRtxMutexReleased          0x155d     0x2  Code  Gb  rtx_evr.o [2]
EvrRtxSemaphoreAcquireTimeout
                              0xdfd     0x2  Code  Gb  rtx_evr.o [2]
EvrRtxThreadBlocked           0xe33     0x2  Code  Gb  rtx_evr.o [2]
EvrRtxThreadCreated           0xfe3     0x2  Code  Gb  rtx_evr.o [2]
EvrRtxThreadDestroyed        0x137f     0x2  Code  Gb  rtx_evr.o [2]
EvrRtxThreadError             0xf57     0x2  Code  Gb  rtx_evr.o [2]
EvrRtxThreadExit             0x138d     0x2  Code  Gb  rtx_evr.o [2]
EvrRtxThreadFlagsError       0x1381     0x2  Code  Gb  rtx_evr.o [2]
EvrRtxThreadFlagsSet         0x138f     0x2  Code  Gb  rtx_evr.o [2]
EvrRtxThreadFlagsSetDone
                             0x1383     0x2  Code  Gb  rtx_evr.o [2]
EvrRtxThreadFlagsWait        0x14fd     0x2  Code  Gb  rtx_evr.o [2]
EvrRtxThreadFlagsWaitCompleted
                              0xe35     0x2  Code  Gb  rtx_evr.o [2]
EvrRtxThreadFlagsWaitNotCompleted
                             0x1387     0x2  Code  Gb  rtx_evr.o [2]
EvrRtxThreadFlagsWaitPending
                             0x1385     0x2  Code  Gb  rtx_evr.o [2]
EvrRtxThreadFlagsWaitTimeout
                              0xdf7     0x2  Code  Gb  rtx_evr.o [2]
EvrRtxThreadJoined           0x137d     0x2  Code  Gb  rtx_evr.o [2]
EvrRtxThreadNew              0x1389     0x2  Code  Gb  rtx_evr.o [2]
EvrRtxThreadPreempted         0xe07     0x2  Code  Gb  rtx_evr.o [2]
EvrRtxThreadSwitched          0xe31     0x2  Code  Gb  rtx_evr.o [2]
EvrRtxThreadUnblocked         0xe05     0x2  Code  Gb  rtx_evr.o [2]
EvrRtxThreadYield            0x138b     0x2  Code  Gb  rtx_evr.o [2]
EvrRtxTimerCallback          0x324d     0x2  Code  Gb  rtx_evr.o [2]
GPIODirModeSet               0x2093    0x28  Code  Gb  gpio.o [4]
GPIOIntClear                 0x2227     0x8  Code  Gb  gpio.o [4]
GPIOIntDisable               0x2211     0x6  Code  Gb  gpio.o [4]
GPIOIntEnable                0x220b     0x6  Code  Gb  gpio.o [4]
GPIOIntRegister              0x222f    0x14  Code  Gb  gpio.o [4]
GPIOIntStatus                0x2217    0x10  Code  Gb  gpio.o [4]
GPIOIntTypeSet               0x20bb    0x4c  Code  Gb  gpio.o [4]
GPIOPadConfigSet             0x2107   0x104  Code  Gb  gpio.o [4]
GPIOPinTypeGPIOInput         0x2257    0x14  Code  Gb  gpio.o [4]
GPIOPinTypeGPIOOutput        0x226b     0xa  Code  Gb  gpio.o [4]
GPIOPinWrite                 0x224b     0x8  Code  Gb  gpio.o [4]
IntEnable                    0x2891    0x56  Code  Gb  interrupt.o [4]
IntRegister                  0x2869    0x28  Code  Gb  interrupt.o [4]
LEDInit                      0x268d    0xba  Code  Gb  driverleds.o [1]
LEDOff                       0x2785    0x3e  Code  Gb  driverleds.o [1]
LEDOn                        0x2747    0x3e  Code  Gb  driverleds.o [1]
MessageQueueGet              0x15c9    0x40  Code  Lc  rtx_msgqueue.o [2]
MessageQueuePut              0x157d    0x4a  Code  Lc  rtx_msgqueue.o [2]
MessageQueueRemove           0x1609    0x1a  Code  Lc  rtx_msgqueue.o [2]
OS_Tick_AcknowledgeIRQ       0x1571     0xc  Code  Gb  os_systick.o [2]
OS_Tick_Enable               0x2c5d    0x28  Code  Gb  os_systick.o [2]
OS_Tick_GetIRQn              0x2c55     0x6  Code  Gb  os_systick.o [2]
OS_Tick_Setup                0x2c19    0x3c  Code  Gb  os_systick.o [2]
PendST                  0x2000'1410     0x1  Data  Lc  os_systick.o [2]
PendSV_Handler               0x30e5          Code  Gb  irq_cm4f.o [2]
Region$$Table$$Base          0x3328           --   Gb  - Linker created -
Region$$Table$$Limit         0x3348           --   Gb  - Linker created -
SVC_Handler                  0x304d          Code  Gb  irq_cm4f.o [2]
SysCtlClockFreqSet           0x2973   0x218  Code  Gb  sysctl.o [4]
SysCtlPeripheralEnable       0x2955     0x8  Code  Gb  sysctl.o [4]
SysCtlPeripheralReady        0x2933     0x8  Code  Gb  sysctl.o [4]
SysTick_Handler              0x30f5          Code  Gb  irq_cm4f.o [2]
SystemCoreClock         0x2000'1a6c     0x4  Data  Gb  system_TM4C1294_TW.o [1]
SystemInit                   0x2839    0x1c  Code  Gb  system_TM4C1294_TW.o [1]
ThreadFlagsCheck              0x3c1    0x6c  Code  Lc  rtx_thread.o [2]
TimerInsert                  0x3111    0x38  Code  Lc  rtx_timer.o [2]
_GPIOIntNumberGet            0x2055    0x3e  Code  Lc  gpio.o [4]
_SysCtlMemTimingGet          0x2911    0x22  Code  Lc  sysctl.o [4]
__Vectors                       0x0           --   Gb  startup_TM4C1294.o [1]
__Vectors_End                 0x3c0          Data  Gb  startup_TM4C1294.o [1]
__Vectors_Size {Abs}          0x3c0           --   Gb  startup_TM4C1294.o [1]
__aeabi_memclr               0x1c45          Code  Gb  ABImemclr.o [5]
__aeabi_memclr4               0xfdd          Code  Gb  ABImemclr4.o [5]
__aeabi_memcpy               0x1b99          Code  Gb  ABImemcpy.o [5]
__aeabi_memcpy4              0x1bb9          Code  Gb  ABImemcpy.o [5]
__aeabi_memcpy8              0x1bb9          Code  Gb  ABImemcpy.o [5]
__cmain                      0x3349          Code  Gb  cmain.o [5]
__exit                       0x337d    0x14  Code  Gb  exit.o [6]
__iar_Memset4_word           0x1529          Code  Gb  ABImemset48.o [5]
__iar_Memset8_word           0x1529          Code  Gb  ABImemset48.o [5]
__iar_Memset_word            0x1c5d          Code  Gb  ABImemset.o [5]
__iar_data_init3             0x32b9    0x28  Code  Gb  data_init.o [5]
__iar_init_vfp               0x33b5          Code  Wk  startup_TM4C1294.o [1]
__iar_packbits_init_single3
                              0xe37    0x3a  Code  Gb  packbits_init_single.o [5]
__iar_program_start          0x3391          Code  Gb  cstartup_M.o [5]
__iar_zero_init3             0x324f    0x38  Code  Gb  zero_init3.o [5]
__low_level_init             0x3367     0x4  Code  Gb  low_level_init.o [3]
__vector_table                  0x0          Data  Gb  startup_TM4C1294.o [1]
__vector_table_0x1c            0x1c          Data  Gb  startup_TM4C1294.o [1]
_call_main                   0x3355          Code  Gb  cmain.o [5]
_exit                        0x3371          Code  Gb  cexit.o [5]
exit                         0x336b     0x4  Code  Gb  exit.o [3]
g_pfnRAMVectors         0x2000'1800   0x26c  Data  Lc  interrupt.o [4]
g_pppui32XTALtoVCO           0x2c98   0x1b0  Data  Lc  sysctl.o [4]
g_ppui32GPIOIntMapBlizzard
                             0x2eb4    0xc0  Data  Lc  gpio.o [4]
g_ppui32GPIOIntMapSnowflake
                             0x2f74    0xd8  Data  Lc  gpio.o [4]
g_pui32EnRegs                0x28fc    0x14  Data  Lc  interrupt.o [4]
g_pui32VCOFrequencies        0x2bc4     0x8  Data  Lc  sysctl.o [4]
g_pui32Xtals                 0x2e48    0x6c  Data  Lc  sysctl.o [4]
g_sXTALtoMEMTIM              0x3288    0x30  Data  Lc  sysctl.o [4]
initButtons                  0x1d03    0x1e  Code  Gb  main.o [1]
lastTick                0x2000'13f4     0x4  Data  Gb  main.o [1]
ledMutexId              0x2000'140c     0x4  Data  Gb  main.o [1]
main                         0x1f5b    0xb2  Code  Gb  main.o [1]
managerId               0x2000'13f8     0x4  Data  Gb  main.o [1]
messageQueueId1         0x2000'13fc     0x4  Data  Gb  main.o [1]
messageQueueId2         0x2000'1400     0x4  Data  Gb  main.o [1]
messageQueueId3         0x2000'1404     0x4  Data  Gb  main.o [1]
messageQueueId4         0x2000'1408     0x4  Data  Gb  main.o [1]
osDelay                      0x27f9    0x38  Code  Gb  rtx_delay.o [2]
osKernelGetState             0x25c1    0x40  Code  Gb  rtx_kernel.o [2]
osKernelGetTickCount         0x2635    0x20  Code  Gb  rtx_kernel.o [2]
osKernelInitialize           0x2589    0x38  Code  Gb  rtx_kernel.o [2]
osKernelStart                0x2601    0x34  Code  Gb  rtx_kernel.o [2]
osMessageQueueGet            0x1af5    0x90  Code  Gb  rtx_msgqueue.o [2]
osMessageQueueNew            0x1a1d    0x3e  Code  Gb  rtx_msgqueue.o [2]
osMessageQueuePut            0x1a5d    0x98  Code  Gb  rtx_msgqueue.o [2]
osMutexAcquire               0x12f1    0x3e  Code  Gb  rtx_mutex.o [2]
osMutexNew                   0x12b9    0x36  Code  Gb  rtx_mutex.o [2]
osMutexRelease               0x1331    0x3a  Code  Gb  rtx_mutex.o [2]
osRtxConfig                  0x31a0    0x68  Data  Gb  rtx_lib.o [1]
osRtxErrorNotify             0x14ff    0x20  Code  Gb  RTX_Config.o [1]
osRtxIdleThread              0x156f     0x2  Code  Gb  RTX_Config.o [1]
osRtxInfo               0x2000'0000    0xa4  Data  Gb  rtx_kernel.o [2]
osRtxKernelPreInit           0x2c87     0x2  Code  Gb  rtx_lib.o [1]
osRtxMemoryAlloc              0xf59    0x84  Code  Gb  rtx_memory.o [2]
osRtxMemoryFree               0xfe5    0x4a  Code  Gb  rtx_memory.o [2]
osRtxMemoryInit              0x2bcf    0x44  Code  Gb  rtx_memory.o [2]
osRtxMemoryPoolAlloc          0xebd    0x44  Code  Gb  rtx_mempool.o [2]
osRtxMemoryPoolFree           0xf01    0x56  Code  Gb  rtx_mempool.o [2]
osRtxMemoryPoolInit           0xe71    0x4a  Code  Gb  rtx_mempool.o [2]
osRtxMessageQueuePostProcess
                             0x1623    0xe6  Code  Lc  rtx_msgqueue.o [2]
osRtxMutexOwnerRelease       0x1031    0x52  Code  Gb  rtx_mutex.o [2]
osRtxPendSV_Handler          0x1401    0x88  Code  Gb  rtx_system.o [2]
osRtxPostProcess             0x1489    0x6c  Code  Gb  rtx_system.o [2]
osRtxThreadBlock              0x64b    0x34  Code  Lc  rtx_thread.o [2]
osRtxThreadDelayInsert        0x4a3    0x62  Code  Lc  rtx_thread.o [2]
osRtxThreadDelayRemove        0x505    0x44  Code  Lc  rtx_thread.o [2]
osRtxThreadDelayTick          0x549    0xee  Code  Gb  rtx_thread.o [2]
osRtxThreadDispatch           0x69b    0x54  Code  Gb  rtx_thread.o [2]
osRtxThreadFree               0x9bb    0x54  Code  Lc  rtx_thread.o [2]
osRtxThreadListGet            0x44f    0x14  Code  Gb  rtx_thread.o [2]
osRtxThreadListPut            0x42d    0x22  Code  Gb  rtx_thread.o [2]
osRtxThreadListRemove         0x485    0x16  Code  Gb  rtx_thread.o [2]
osRtxThreadListSort           0x463    0x22  Code  Gb  rtx_thread.o [2]
osRtxThreadPostProcess        0x763    0x54  Code  Lc  rtx_thread.o [2]
osRtxThreadReadyPut           0x49b     0x8  Code  Gb  rtx_thread.o [2]
osRtxThreadRegPtr             0x637    0x14  Code  Gb  rtx_thread.o [2]
osRtxThreadStackCheck         0xe09    0x28  Code  Gb  rtx_thread.o [2]
osRtxThreadStartup            0xc43    0x30  Code  Gb  rtx_thread.o [2]
osRtxThreadSwitch             0x67f    0x1c  Code  Gb  rtx_thread.o [2]
osRtxThreadWaitEnter          0x729    0x3a  Code  Gb  rtx_thread.o [2]
osRtxThreadWaitExit           0x6f5    0x2e  Code  Gb  rtx_thread.o [2]
osRtxTick_Handler            0x1391    0x6e  Code  Gb  rtx_system.o [2]
osRtxTimerThread             0x3209    0x44  Code  Gb  rtx_timer.o [2]
osRtxTimerTick               0x3149    0x54  Code  Lc  rtx_timer.o [2]
osRtxUserSVC                 0x33e8     0x4  Data  Gb  rtx_lib.o [1]
osThreadExit                  0xcf5    0x16  Code  Gb  rtx_thread.o [2]
osThreadFlagsSet              0xd19    0x7a  Code  Gb  rtx_thread.o [2]
osThreadFlagsWait             0xd95    0x42  Code  Gb  rtx_thread.o [2]
osThreadNew                   0xc75    0x40  Code  Gb  rtx_thread.o [2]
osThreadYield                 0xcb9    0x36  Code  Gb  rtx_thread.o [2]
os_idle_thread_attr          0x32e0    0x24  Data  Lc  rtx_lib.o [1]
os_idle_thread_cb       0x2000'12f8    0x44  Data  Lc  rtx_lib.o [1]
os_idle_thread_stack    0x2000'10a8   0x100  Data  Lc  rtx_lib.o [1]
os_isr_queue            0x2000'1380    0x40  Data  Lc  rtx_lib.o [1]
os_mem                  0x2000'00a8  0x1000  Data  Lc  rtx_lib.o [1]
os_timer_mq_attr             0x33c0    0x18  Data  Lc  rtx_lib.o [1]
os_timer_mq_cb          0x2000'13c0    0x34  Data  Lc  rtx_lib.o [1]
os_timer_mq_data        0x2000'12a8    0x50  Data  Lc  rtx_lib.o [1]
os_timer_thread_attr         0x3304    0x24  Data  Lc  rtx_lib.o [1]
os_timer_thread_cb      0x2000'133c    0x44  Data  Lc  rtx_lib.o [1]
os_timer_thread_stack   0x2000'11a8   0x100  Data  Lc  rtx_lib.o [1]
softwarePwm                  0x1d21    0x8a  Code  Gb  main.o [1]
svcRtxDelay                  0x27d5    0x24  Code  Lc  rtx_delay.o [2]
svcRtxKernelGetState         0x24dd    0x12  Code  Lc  rtx_kernel.o [2]
svcRtxKernelGetTickCount
                             0x2585     0x4  Code  Lc  rtx_kernel.o [2]
svcRtxKernelInitialize       0x23b1   0x12c  Code  Lc  rtx_kernel.o [2]
svcRtxKernelStart            0x24ef    0x96  Code  Lc  rtx_kernel.o [2]
svcRtxMessageQueueGet        0x190d    0xe8  Code  Lc  rtx_msgqueue.o [2]
svcRtxMessageQueueNew        0x1709   0x130  Code  Lc  rtx_msgqueue.o [2]
svcRtxMessageQueuePut        0x1839    0xd4  Code  Lc  rtx_msgqueue.o [2]
svcRtxMutexAcquire           0x1105    0xd2  Code  Lc  rtx_mutex.o [2]
svcRtxMutexNew               0x1083    0x82  Code  Lc  rtx_mutex.o [2]
svcRtxMutexRelease           0x11d7    0xd6  Code  Lc  rtx_mutex.o [2]
svcRtxThreadExit              0xa0f    0x8e  Code  Lc  rtx_thread.o [2]
svcRtxThreadFlagsSet          0xa9d    0x9c  Code  Lc  rtx_thread.o [2]
svcRtxThreadFlagsWait         0xb3d   0x106  Code  Lc  rtx_thread.o [2]
svcRtxThreadNew               0x7b7   0x1bc  Code  Lc  rtx_thread.o [2]
svcRtxThreadYield             0x979    0x42  Code  Lc  rtx_thread.o [2]
threadLed                    0x1dab    0xe8  Code  Gb  main.o [1]
threadManager                0x1e93    0xc8  Code  Gb  main.o [1]
uswIntHandler                0x1cbd    0x46  Code  Gb  main.o [1]


[1] = C:\Users\Mateus\Documents\UTFPR\Embarcados\EK-TM4C1294_RTOS_IAR8\Projects\desafio\Debug\Obj
[2] = RTX_CM.a
[3] = dl7M_tln.a
[4] = driverlib.a
[5] = rt7M_tl.a
[6] = shb_l.a

  12'036 bytes of readonly  code memory
   1'269 bytes of readonly  data memory
  38'529 bytes of readwrite data memory

Errors: none
Warnings: none
